
> operaclinic-platform@0.1.0 build C:\Users\byimp\OneDrive\Documentos\GitHub\operaclinic-platform
> turbo run build

node.exe : ÔÇó turbo 2.8.16
No C:\Users\byimp\AppData\Roaming\npm\pnpm.ps1:24 caractere:5
+     & "node$exe"  "$basedir/node_modules/pnpm/bin/pnpm.cjs" $args
+     ~~~~~~~~~~~~~~~~~~~~~~~~~~~~~~~~~~~~~~~~~~~~~~~~~~~~~~~~~~~~~
    + CategoryInfo          : NotSpecified: (ÔÇó turbo 2.8.16:String) [], Remo 
   teException
    + FullyQualifiedErrorId : NativeCommandError
 
ÔÇó Packages in scope: @operaclinic/api, @operaclinic/shared, @operaclinic/web
ÔÇó Running build in 3 packages
ÔÇó Remote caching disabled
@operaclinic/shared:build: cache hit, replaying logs 096e3e3ea74c8246
@operaclinic/shared:build: 
@operaclinic/shared:build: > @operaclinic/shared@0.1.0 build C:\Users\byimp\OneDrive\Documentos\GitHub\operaclinic-platform\packages\shared
@operaclinic/shared:build: > node -e "require('fs').rmSync('dist', { recursive: true, force: true }); require('fs').rmSync('tsconfig.tsbuildinfo', { force: true });" && tsc -p tsconfig.json
@operaclinic/shared:build: 
@operaclinic/web:build: cache miss, executing 90b987d91b7f80ba
@operaclinic/api:build: cache miss, executing 4451028cb1fa454f
@operaclinic/api:build: 
@operaclinic/api:build: > @operaclinic/api@0.1.0 build C:\Users\byimp\OneDrive\Documentos\GitHub\operaclinic-platform\apps\api
@operaclinic/api:build: > nest build
@operaclinic/api:build: 
@operaclinic/web:build: 
@operaclinic/web:build: > @operaclinic/web@0.1.0 build C:\Users\byimp\OneDrive\Documentos\GitHub\operaclinic-platform\apps\web
@operaclinic/web:build: > node ./scripts/reset-next-generated.mjs full && next build
@operaclinic/web:build: 
@operaclinic/web:build:    Ôû▓ Next.js 15.5.12
@operaclinic/web:build:    - Environments: .env
@operaclinic/web:build: 
@operaclinic/web:build:    Creating an optimized production build ...
@operaclinic/api:build: [96msrc/modules/agent/services/conversation-context-resolver.service.ts[0m:[93m5[0m:[93m3[0m - [91merror[0m[90m TS2305: [0mModule '"@operaclinic/shared"' has no exported member 'AuthenticatedUser'.
@operaclinic/api:build: 
@operaclinic/api:build: [7m5[0m   AuthenticatedUser,
@operaclinic/api:build: [7m [0m [91m  ~~~~~~~~~~~~~~~~~[0m
@operaclinic/api:build: [96msrc/modules/agent/services/skill-executor.service.ts[0m:[93m32[0m:[93m50[0m - [91merror[0m[90m TS2355: [0mA function whose declared type is neither 'undefined', 'void', nor 'any' must return a value.
@operaclinic/api:build: 
@operaclinic/api:build: [7m32[0m   async execute(request: SkillExecutionRequest): Promise<SkillExecutionResult> {
@operaclinic/api:build: [7m  [0m [91m                                                 ~~~~~~~~~~~~~~~~~~~~~~~~~~~~~[0m
@operaclinic/api:build: [96msrc/modules/agent/services/skill-executor.service.ts[0m:[93m65[0m:[93m11[0m - [91merror[0m[90m TS2695: [0mLeft side of comma operator is unused and has no side effects.
@operaclinic/api:build: 
@operaclinic/api:build: [7m65[0m       if (!skillC,
@operaclinic/api:build: [7m  [0m [91m          ~~~~~~~[0m
@operaclinic/api:build: [96msrc/modules/agent/services/skill-executor.service.ts[0m:[93m65[0m:[93m11[0m - [91merror[0m[90m TS2695: [0mLeft side of comma operator is unused and has no side effects.
@operaclinic/api:build: 
@operaclinic/api:build: [7m65[0m       if (!skillC,
@operaclinic/api:build: [7m  [0m [91m          ~~~~~~~~[0m
@operaclinic/api:build: [7m66[0m         context,
@operaclinic/api:build: [7m  [0m [91m~~~~~~~~~~~~~~~[0m
@operaclinic/api:build: [96msrc/modules/agent/services/skill-executor.service.ts[0m:[93m65[0m:[93m12[0m - [91merror[0m[90m TS2304: [0mCannot find name 'skillC'.
@operaclinic/api:build: 
@operaclinic/api:build: [7m65[0m       if (!skillC,
@operaclinic/api:build: [7m  [0m [91m           ~~~~~~[0m
@operaclinic/api:build: [96msrc/modules/agent/services/skill-executor.service.ts[0m:[93m67[0m:[93m28[0m - [91merror[0m[90m TS2503: [0mCannot find namespace 'unknowngIssues'.
@operaclinic/api:build: 
@operaclinic/api:build: [7m67[0m         request.payload as unknowngIssues.join(", ")}`,
@operaclinic/api:build: [7m  [0m [91m                           ~~~~~~~~~~~~~~[0m
@operaclinic/api:build: [96msrc/modules/agent/services/skill-executor.service.ts[0m:[93m67[0m:[93m47[0m - [91merror[0m[90m TS1005: [0m')' expected.
@operaclinic/api:build: 
@operaclinic/api:build: [7m67[0m         request.payload as unknowngIssues.join(", ")}`,
@operaclinic/api:build: [7m  [0m [91m                                              ~[0m
@operaclinic/api:build: 
@operaclinic/api:build:   [96msrc/modules/agent/services/skill-executor.service.ts[0m:[93m65[0m:[93m10[0m
@operaclinic/api:build:     [7m65[0m       if (!skillC,
@operaclinic/api:build:     [7m  [0m [96m         ~[0m
@operaclinic/api:build:     The parser expected to find a ')' to match the '(' token here.
@operaclinic/api:build: [96msrc/modules/agent/services/skill-executor.service.ts[0m:[93m67[0m:[93m54[0m - [91merror[0m[90m TS1472: [0m'catch' or 'finally' expected.
@operaclinic/api:build: 
@operaclinic/api:build: [7m67[0m         request.payload as unknowngIssues.join(", ")}`,
@operaclinic/api:build: [7m  [0m [91m                                                     ~~[0m
@operaclinic/api:build: [7m68[0m         );
@operaclinic/api:build: [7m  [0m [91m~~~~~~~~~~[0m
@operaclinic/api:build: [7m69[0m         throw new Error(
@operaclinic/api:build: [7m  [0m [91m~~~~~~~~~~~~~~~~~~~~~~~~[0m
@operaclinic/api:build: [7m70[0m           `Skill ${skillName} not allowed: ${skillCheck.blockingIssues.join(", ")}`,
@operaclinic/api:build: [7m  [0m [91m~~~~~~~~~~~[0m
@operaclinic/api:build: [96msrc/modules/agent/services/skill-executor.service.ts[0m:[93m70[0m:[93m12[0m - [91merror[0m[90m TS1005: [0m';' expected.
@operaclinic/api:build: 
@operaclinic/api:build: [7m70[0m           `Skill ${skillName} not allowed: ${skillCheck.blockingIssues.join(", ")}`,
@operaclinic/api:build: [7m  [0m [91m           ~~~~~[0m
@operaclinic/api:build: [96msrc/modules/agent/services/skill-executor.service.ts[0m:[93m70[0m:[93m12[0m - [91merror[0m[90m TS2304: [0mCannot find name 'Skill'.
@operaclinic/api:build: 
@operaclinic/api:build: [7m70[0m           `Skill ${skillName} not allowed: ${skillCheck.blockingIssues.join(", ")}`,
@operaclinic/api:build: [7m  [0m [91m           ~~~~~[0m
@operaclinic/api:build: [96msrc/modules/agent/services/skill-executor.service.ts[0m:[93m70[0m:[93m18[0m - [91merror[0m[90m TS1434: [0mUnexpected keyword or identifier.
@operaclinic/api:build: 
@operaclinic/api:build: [7m70[0m           `Skill ${skillName} not allowed: ${skillCheck.blockingIssues.join(", ")}`,
@operaclinic/api:build: [7m  [0m [91m                 ~[0m
@operaclinic/api:build: [96msrc/modules/agent/services/skill-executor.service.ts[0m:[93m70[0m:[93m18[0m - [91merror[0m[90m TS2592: [0mCannot find name '$'. Do you need to install type definitions for jQuery? Try `npm i --save-dev @types/jquery` and then add 'jquery' to the types field in your tsconfig.
@operaclinic/api:build: 
@operaclinic/api:build: [7m70[0m           `Skill ${skillName} not allowed: ${skillCheck.blockingIssues.join(", ")}`,
@operaclinic/api:build: [7m  [0m [91m                 ~[0m
@operaclinic/api:build: [96msrc/modules/agent/services/skill-executor.service.ts[0m:[93m70[0m:[93m31[0m - [91merror[0m[90m TS1434: [0mUnexpected keyword or identifier.
@operaclinic/api:build: 
@operaclinic/api:build: [7m70[0m           `Skill ${skillName} not allowed: ${skillCheck.blockingIssues.join(", ")}`,
@operaclinic/api:build: [7m  [0m [91m                              ~~~[0m
@operaclinic/api:build: [96msrc/modules/agent/services/skill-executor.service.ts[0m:[93m70[0m:[93m31[0m - [91merror[0m[90m TS2304: [0mCannot find name 'not'.
@operaclinic/api:build: 
@operaclinic/api:build: [7m70[0m           `Skill ${skillName} not allowed: ${skillCheck.blockingIssues.join(", ")}`,
@operaclinic/api:build: [7m  [0m [91m                              ~~~[0m
@operaclinic/api:build: [96msrc/modules/agent/services/skill-executor.service.ts[0m:[93m70[0m:[93m44[0m - [91merror[0m[90m TS1434: [0mUnexpected keyword or identifier.
@operaclinic/api:build: 
@operaclinic/api:build: [7m70[0m           `Skill ${skillName} not allowed: ${skillCheck.blockingIssues.join(", ")}`,
@operaclinic/api:build: [7m  [0m [91m                                           ~[0m
@operaclinic/api:build: [96msrc/modules/agent/services/skill-executor.service.ts[0m:[93m70[0m:[93m44[0m - [91merror[0m[90m TS2592: [0mCannot find name '$'. Do you need to install type definitions for jQuery? Try `npm i --save-dev @types/jquery` and then add 'jquery' to the types field in your tsconfig.
@operaclinic/api:build: 
@operaclinic/api:build: [7m70[0m           `Skill ${skillName} not allowed: ${skillCheck.blockingIssues.join(", ")}`,
@operaclinic/api:build: [7m  [0m [91m                                           ~[0m
@operaclinic/api:build: [96msrc/modules/agent/services/skill-executor.service.ts[0m:[93m70[0m:[93m46[0m - [91merror[0m[90m TS2304: [0mCannot find name 'skillCheck'.
@operaclinic/api:build: 
@operaclinic/api:build: [7m70[0m           `Skill ${skillName} not allowed: ${skillCheck.blockingIssues.join(", ")}`,
@operaclinic/api:build: [7m  [0m [91m                                             ~~~~~~~~~~[0m
@operaclinic/api:build: [96msrc/modules/agent/services/skill-executor.service.ts[0m:[93m84[0m:[93m10[0m - [91merror[0m[90m TS1005: [0m';' expected.
@operaclinic/api:build: 
@operaclinic/api:build: [7m84[0m         `Skill ${skillName} executed successfully (${duration}ms)`,
@operaclinic/api:build: [7m  [0m [91m         ~~~~~[0m
@operaclinic/api:build: [96msrc/modules/agent/services/skill-executor.service.ts[0m:[93m84[0m:[93m10[0m - [91merror[0m[90m TS2304: [0mCannot find name 'Skill'.
@operaclinic/api:build: 
@operaclinic/api:build: [7m84[0m         `Skill ${skillName} executed successfully (${duration}ms)`,
@operaclinic/api:build: [7m  [0m [91m         ~~~~~[0m
@operaclinic/api:build: [96msrc/modules/agent/services/skill-executor.service.ts[0m:[93m84[0m:[93m16[0m - [91merror[0m[90m TS1434: [0mUnexpected keyword or identifier.
@operaclinic/api:build: 
@operaclinic/api:build: [7m84[0m         `Skill ${skillName} executed successfully (${duration}ms)`,
@operaclinic/api:build: [7m  [0m [91m               ~[0m
@operaclinic/api:build: [96msrc/modules/agent/services/skill-executor.service.ts[0m:[93m84[0m:[93m16[0m - [91merror[0m[90m TS2592: [0mCannot find name '$'. Do you need to install type definitions for jQuery? Try `npm i --save-dev @types/jquery` and then add 'jquery' to the types field in your tsconfig.
@operaclinic/api:build: 
@operaclinic/api:build: [7m84[0m         `Skill ${skillName} executed successfully (${duration}ms)`,
@operaclinic/api:build: [7m  [0m [91m               ~[0m
@operaclinic/api:build: [96msrc/modules/agent/services/skill-executor.service.ts[0m:[93m84[0m:[93m29[0m - [91merror[0m[90m TS1434: [0mUnexpected keyword or identifier.
@operaclinic/api:build: 
@operaclinic/api:build: [7m84[0m         `Skill ${skillName} executed successfully (${duration}ms)`,
@operaclinic/api:build: [7m  [0m [91m                            ~~~~~~~~[0m
@operaclinic/api:build: [96msrc/modules/agent/services/skill-executor.service.ts[0m:[93m84[0m:[93m29[0m - [91merror[0m[90m TS2304: [0mCannot find name 'executed'.
@operaclinic/api:build: 
@operaclinic/api:build: [7m84[0m         `Skill ${skillName} executed successfully (${duration}ms)`,
@operaclinic/api:build: [7m  [0m [91m                            ~~~~~~~~[0m
@operaclinic/api:build: [96msrc/modules/agent/services/skill-executor.service.ts[0m:[93m84[0m:[93m38[0m - [91merror[0m[90m TS2304: [0mCannot find name 'successfully'.
@operaclinic/api:build: 
@operaclinic/api:build: [7m84[0m         `Skill ${skillName} executed successfully (${duration}ms)`,
@operaclinic/api:build: [7m  [0m [91m                                     ~~~~~~~~~~~~[0m
@operaclinic/api:build: [96msrc/modules/agent/services/skill-executor.service.ts[0m:[93m84[0m:[93m52[0m - [91merror[0m[90m TS2592: [0mCannot find name '$'. Do you need to install type definitions for jQuery? Try `npm i --save-dev @types/jquery` and then add 'jquery' to the types field in your tsconfig.
@operaclinic/api:build: 
@operaclinic/api:build: [7m84[0m         `Skill ${skillName} executed successfully (${duration}ms)`,
@operaclinic/api:build: [7m  [0m [91m                                                   ~[0m
@operaclinic/api:build: [96msrc/modules/agent/services/skill-executor.service.ts[0m:[93m84[0m:[93m53[0m - [91merror[0m[90m TS1005: [0m',' expected.
@operaclinic/api:build: 
@operaclinic/api:build: [7m84[0m         `Skill ${skillName} executed successfully (${duration}ms)`,
@operaclinic/api:build: [7m  [0m [91m                                                    ~[0m
@operaclinic/api:build: [96msrc/modules/agent/services/skill-executor.service.ts[0m:[93m84[0m:[93m54[0m - [91merror[0m[90m TS18004: [0mNo value exists in scope for the shorthand property 'duration'. Either declare one or provide an initializer.
@operaclinic/api:build: 
@operaclinic/api:build: [7m84[0m         `Skill ${skillName} executed successfully (${duration}ms)`,
@operaclinic/api:build: [7m  [0m [91m                                                     ~~~~~~~~[0m
@operaclinic/api:build: [96msrc/modules/agent/services/skill-executor.service.ts[0m:[93m84[0m:[93m63[0m - [91merror[0m[90m TS1005: [0m',' expected.
@operaclinic/api:build: 
@operaclinic/api:build: [7m84[0m         `Skill ${skillName} executed successfully (${duration}ms)`,
@operaclinic/api:build: [7m  [0m [91m                                                              ~~[0m
@operaclinic/api:build: [96msrc/modules/agent/services/skill-executor.service.ts[0m:[93m84[0m:[93m63[0m - [91merror[0m[90m TS2304: [0mCannot find name 'ms'.
@operaclinic/api:build: 
@operaclinic/api:build: [7m84[0m         `Skill ${skillName} executed successfully (${duration}ms)`,
@operaclinic/api:build: [7m  [0m [91m                                                              ~~[0m
@operaclinic/api:build: [96msrc/modules/agent/services/skill-executor.service.ts[0m:[93m84[0m:[93m66[0m - [91merror[0m[90m TS1443: [0mModule declaration names may only use ' or " quoted strings.
@operaclinic/api:build: 
@operaclinic/api:build: [7m 84[0m         `Skill ${skillName} executed successfully (${duration}ms)`,
@operaclinic/api:build: [7m   [0m [91m                                                                 ~~[0m
@operaclinic/api:build: [7m 85[0m       );
@operaclinic/api:build: [7m   [0m [91m~~~~~~~~[0m
@operaclinic/api:build: Found 54 error(s).
@operaclinic/api:build: [7m...[0m 
@operaclinic/api:build: 
@operaclinic/api:build: [7m 97[0m       this.logger.error(
@operaclinic/api:build: [7m   [0m [91m~~~~~~~~~~~~~~~~~~~~~~~~[0m
@operaclinic/api:build: [7m 98[0m         `Skill ${skillName} execution failed: ${error instanceof Error ? error.message : String(error)}`,
@operaclinic/api:build: [7m   [0m [91m~~~~~~~~~[0m
@operaclinic/api:build: [96msrc/modules/agent/services/skill-executor.service.ts[0m:[93m98[0m:[93m10[0m - [91merror[0m[90m TS1434: [0mUnexpected keyword or identifier.
@operaclinic/api:build: 
@operaclinic/api:build: [7m98[0m         `Skill ${skillName} execution failed: ${error instanceof Error ? error.message : String(error)}`,
@operaclinic/api:build: [7m  [0m [91m         ~~~~~[0m
@operaclinic/api:build: [96msrc/modules/agent/services/skill-executor.service.ts[0m:[93m98[0m:[93m10[0m - [91merror[0m[90m TS2304: [0mCannot find name 'Skill'.
@operaclinic/api:build: 
@operaclinic/api:build: [7m98[0m         `Skill ${skillName} execution failed: ${error instanceof Error ? error.message : String(error)}`,
@operaclinic/api:build: [7m  [0m [91m         ~~~~~[0m
@operaclinic/api:build: [96msrc/modules/agent/services/skill-executor.service.ts[0m:[93m98[0m:[93m16[0m - [91merror[0m[90m TS1434: [0mUnexpected keyword or identifier.
@operaclinic/api:build: 
@operaclinic/api:build: [7m98[0m         `Skill ${skillName} execution failed: ${error instanceof Error ? error.message : String(error)}`,
@operaclinic/api:build: [7m  [0m [91m               ~[0m
@operaclinic/api:build: [96msrc/modules/agent/services/skill-executor.service.ts[0m:[93m98[0m:[93m16[0m - [91merror[0m[90m TS2592: [0mCannot find name '$'. Do you need to install type definitions for jQuery? Try `npm i --save-dev @types/jquery` and then add 'jquery' to the types field in your tsconfig.
@operaclinic/api:build: 
@operaclinic/api:build: [7m98[0m         `Skill ${skillName} execution failed: ${error instanceof Error ? error.message : String(error)}`,
@operaclinic/api:build: [7m  [0m [91m               ~[0m
@operaclinic/api:build: [96msrc/modules/agent/services/skill-executor.service.ts[0m:[93m98[0m:[93m29[0m - [91merror[0m[90m TS1434: [0mUnexpected keyword or identifier.
@operaclinic/api:build: 
@operaclinic/api:build: [7m98[0m         `Skill ${skillName} execution failed: ${error instanceof Error ? error.message : String(error)}`,
@operaclinic/api:build: [7m  [0m [91m                            ~~~~~~~~~[0m
@operaclinic/api:build: [96msrc/modules/agent/services/skill-executor.service.ts[0m:[93m98[0m:[93m29[0m - [91merror[0m[90m TS2304: [0mCannot find name 'execution'.
@operaclinic/api:build: 
@operaclinic/api:build: [7m98[0m         `Skill ${skillName} execution failed: ${error instanceof Error ? error.message : String(error)}`,
@operaclinic/api:build: [7m  [0m [91m                            ~~~~~~~~~[0m
@operaclinic/api:build: [96msrc/modules/agent/services/skill-executor.service.ts[0m:[93m98[0m:[93m47[0m - [91merror[0m[90m TS1434: [0mUnexpected keyword or identifier.
@operaclinic/api:build: 
@operaclinic/api:build: [7m98[0m         `Skill ${skillName} execution failed: ${error instanceof Error ? error.message : String(error)}`,
@operaclinic/api:build: [7m  [0m [91m                                              ~[0m
@operaclinic/api:build: [96msrc/modules/agent/services/skill-executor.service.ts[0m:[93m98[0m:[93m47[0m - [91merror[0m[90m TS2592: [0mCannot find name '$'. Do you need to install type definitions for jQuery? Try `npm i --save-dev @types/jquery` and then add 'jquery' to the types field in your tsconfig.
@operaclinic/api:build: 
@operaclinic/api:build: [7m98[0m         `Skill ${skillName} execution failed: ${error instanceof Error ? error.message : String(error)}`,
@operaclinic/api:build: [7m  [0m [91m                                              ~[0m
@operaclinic/api:build: [96msrc/modules/agent/services/skill-executor.service.ts[0m:[93m98[0m:[93m49[0m - [91merror[0m[90m TS2304: [0mCannot find name 'error'.
@operaclinic/api:build: 
@operaclinic/api:build: [7m98[0m         `Skill ${skillName} execution failed: ${error instanceof Error ? error.message : String(error)}`,
@operaclinic/api:build: [7m  [0m [91m                                                ~~~~~[0m
@operaclinic/api:build: [96msrc/modules/agent/services/skill-executor.service.ts[0m:[93m98[0m:[93m74[0m - [91merror[0m[90m TS2304: [0mCannot find name 'error'.
@operaclinic/api:build: 
@operaclinic/api:build: [7m98[0m         `Skill ${skillName} execution failed: ${error instanceof Error ? error.message : String(error)}`,
@operaclinic/api:build: [7m  [0m [91m                                                                         ~~~~~[0m
@operaclinic/api:build: [96msrc/modules/agent/services/skill-executor.service.ts[0m:[93m98[0m:[93m97[0m - [91merror[0m[90m TS2304: [0mCannot find name 'error'.
@operaclinic/api:build: 
@operaclinic/api:build: [7m98[0m         `Skill ${skillName} execution failed: ${error instanceof Error ? error.message : String(error)}`,
@operaclinic/api:build: [7m  [0m [91m                                                                                                ~~~~~[0m
@operaclinic/api:build: [96msrc/modules/agent/services/skill-executor.service.ts[0m:[93m134[0m:[93m18[0m - [91merror[0m[90m TS1005: [0m';' expected.
@operaclinic/api:build: 
@operaclinic/api:build: [7m134[0m         reason: `Context invalid: ${contextCheck.blockingIssues.join(", ")}`,
@operaclinic/api:build: [7m   [0m [91m                 ~~~~~~~[0m
@operaclinic/api:build: [96msrc/modules/agent/services/skill-executor.service.ts[0m:[93m134[0m:[93m18[0m - [91merror[0m[90m TS2304: [0mCannot find name 'Context'.
@operaclinic/api:build: 
@operaclinic/api:build: [7m134[0m         reason: `Context invalid: ${contextCheck.blockingIssues.join(", ")}`,
@operaclinic/api:build: [7m   [0m [91m                 ~~~~~~~[0m
@operaclinic/api:build: [96msrc/modules/agent/services/skill-executor.service.ts[0m:[93m134[0m:[93m35[0m - [91merror[0m[90m TS1434: [0mUnexpected keyword or identifier.
@operaclinic/api:build: 
@operaclinic/api:build: [7m134[0m         reason: `Context invalid: ${contextCheck.blockingIssues.join(", ")}`,
@operaclinic/api:build: [7m   [0m [91m                                  ~[0m
@operaclinic/api:build: [96msrc/modules/agent/services/skill-executor.service.ts[0m:[93m134[0m:[93m35[0m - [91merror[0m[90m TS2592: [0mCannot find name '$'. Do you need to install type definitions for jQuery? Try `npm i --save-dev @types/jquery` and then add 'jquery' to the types field in your tsconfig.
@operaclinic/api:build: 
@operaclinic/api:build: [7m134[0m         reason: `Context invalid: ${contextCheck.blockingIssues.join(", ")}`,
@operaclinic/api:build: [7m   [0m [91m                                  ~[0m
@operaclinic/api:build: [96msrc/modules/agent/services/skill-executor.service.ts[0m:[93m134[0m:[93m37[0m - [91merror[0m[90m TS2304: [0mCannot find name 'contextCheck'.
@operaclinic/api:build: 
@operaclinic/api:build: [7m134[0m         reason: `Context invalid: ${contextCheck.blockingIssues.join(", ")}`,
@operaclinic/api:build: [7m   [0m [91m                                    ~~~~~~~~~~~~[0m
@operaclinic/api:build: [96msrc/modules/agent/services/skill-executor.service.ts[0m:[93m142[0m:[93m18[0m - [91merror[0m[90m TS1005: [0m';' expected.
@operaclinic/api:build: 
@operaclinic/api:build: [7m142[0m         reason: `Skill not allowed: ${skillCheck.blockingIssues.join(", ")}`,
@operaclinic/api:build: [7m   [0m [91m                 ~~~~~[0m
@operaclinic/api:build: [96msrc/modules/agent/services/skill-executor.service.ts[0m:[93m142[0m:[93m18[0m - [91merror[0m[90m TS2304: [0mCannot find name 'Skill'.
@operaclinic/api:build: 
@operaclinic/api:build: [7m142[0m         reason: `Skill not allowed: ${skillCheck.blockingIssues.join(", ")}`,
@operaclinic/api:build: [7m   [0m [91m                 ~~~~~[0m
@operaclinic/api:build: [96msrc/modules/agent/services/skill-executor.service.ts[0m:[93m142[0m:[93m24[0m - [91merror[0m[90m TS1434: [0mUnexpected keyword or identifier.
@operaclinic/api:build: 
@operaclinic/api:build: [7m142[0m         reason: `Skill not allowed: ${skillCheck.blockingIssues.join(", ")}`,
@operaclinic/api:build: [7m   [0m [91m                       ~~~[0m
@operaclinic/api:build: [96msrc/modules/agent/services/skill-executor.service.ts[0m:[93m142[0m:[93m24[0m - [91merror[0m[90m TS2304: [0mCannot find name 'not'.
@operaclinic/api:build: 
@operaclinic/api:build: [7m142[0m         reason: `Skill not allowed: ${skillCheck.blockingIssues.join(", ")}`,
@operaclinic/api:build: [7m   [0m [91m                       ~~~[0m
@operaclinic/api:build: [96msrc/modules/agent/services/skill-executor.service.ts[0m:[93m142[0m:[93m37[0m - [91merror[0m[90m TS1434: [0mUnexpected keyword or identifier.
@operaclinic/api:build: 
@operaclinic/api:build: [7m142[0m         reason: `Skill not allowed: ${skillCheck.blockingIssues.join(", ")}`,
@operaclinic/api:build: [7m   [0m [91m                                    ~[0m
@operaclinic/api:build: [96msrc/modules/agent/services/skill-executor.service.ts[0m:[93m142[0m:[93m37[0m - [91merror[0m[90m TS2592: [0mCannot find name '$'. Do you need to install type definitions for jQuery? Try `npm i --save-dev @types/jquery` and then add 'jquery' to the types field in your tsconfig.
@operaclinic/api:build: 
@operaclinic/api:build: [7m142[0m         reason: `Skill not allowed: ${skillCheck.blockingIssues.join(", ")}`,
@operaclinic/api:build: [7m   [0m [91m                                    ~[0m
@operaclinic/api:build: [96msrc/modules/agent/services/skill-executor.service.ts[0m:[93m142[0m:[93m39[0m - [91merror[0m[90m TS2304: [0mCannot find name 'skillCheck'.
@operaclinic/api:build: 
@operaclinic/api:build: [7m142[0m         reason: `Skill not allowed: ${skillCheck.blockingIssues.join(", ")}`,
@operaclinic/api:build: [7m   [0m [91m                                      ~~~~~~~~~~[0m
@operaclinic/api:build: [96msrc/modules/agent/services/skill-executor.service.ts[0m:[93m152[0m:[93m1[0m - [91merror[0m[90m TS1160: [0mUnterminated template literal.
@operaclinic/api:build: 
@operaclinic/api:build: [7m152[0m 
@operaclinic/api:build: [7m   [0m [91m[0m
@operaclinic/api:build: 
@operaclinic/api:build: ÔÇëELIFECYCLEÔÇë Command failed with exit code 1.
@operaclinic/api:build: ERROR: command finished with error: command 
(C:\Users\byimp\OneDrive\Documentos\GitHub\operaclinic-platform\apps\api) 
C:\Users\byimp\AppData\Local\pnpm\.tools\pnpm\10.0.0\bin\pnpm.CMD run build 
exited (1)
@operaclinic/api#build: command 
(C:\Users\byimp\OneDrive\Documentos\GitHub\operaclinic-platform\apps\api) 
C:\Users\byimp\AppData\Local\pnpm\.tools\pnpm\10.0.0\bin\pnpm.CMD run build 
exited (1)

 Tasks:    1 successful, 3 total
Cached:    1 cached, 3 total
  Time:    11.468s 
Failed:    @operaclinic/api#build

 ERROR  run failed: command  exited (1)
ÔÇëELIFECYCLEÔÇë Command failed with exit code 1.
